../Drivers/src/lpc17xx_gpio.c:85:6:GPIO_SetDir	16	static
../Drivers/src/lpc17xx_gpio.c:98:6:GPIO_SetPins	16	static
../Drivers/src/lpc17xx_gpio.c:106:6:GPIO_ClearPins	16	static
../Drivers/src/lpc17xx_gpio.c:114:6:GPIO_SetPinState	16	static
../Drivers/src/lpc17xx_gpio.c:129:6:GPIO_WriteValue	16	static
../Drivers/src/lpc17xx_gpio.c:138:10:GPIO_ReadValue	8	static
../Drivers/src/lpc17xx_gpio.c:148:6:GPIO_TogglePins	16	static
../Drivers/src/lpc17xx_gpio.c:159:6:GPIO_SetMask	16	static
../Drivers/src/lpc17xx_gpio.c:172:6:GPIO_IntConfigPort	16	static
../Drivers/src/lpc17xx_gpio.c:187:6:GPIO_IntConfigPin	24	static
../Drivers/src/lpc17xx_gpio.c:210:10:GPIO_GetPortIntStatus	8	static
../Drivers/src/lpc17xx_gpio.c:221:10:GPIO_GetPinIntStatus	16	static
../Drivers/src/lpc17xx_gpio.c:242:6:GPIO_ClearInt	16	static
../Drivers/src/lpc17xx_gpio.c:253:6:FIO_SetDir	0	static
../Drivers/src/lpc17xx_gpio.c:257:6:FIO_SetPins	0	static
../Drivers/src/lpc17xx_gpio.c:261:6:FIO_ClearPins	0	static
../Drivers/src/lpc17xx_gpio.c:265:6:FIO_SetPinState	0	static
../Drivers/src/lpc17xx_gpio.c:269:6:FIO_WriteValue	0	static
../Drivers/src/lpc17xx_gpio.c:273:10:FIO_ReadValue	0	static
../Drivers/src/lpc17xx_gpio.c:277:6:FIO_TogglePins	0	static
../Drivers/src/lpc17xx_gpio.c:281:6:FIO_SetMask	0	static
../Drivers/src/lpc17xx_gpio.c:285:6:FIO_IntConfigPort	0	static
../Drivers/src/lpc17xx_gpio.c:289:6:FIO_IntConfigPin	0	static
../Drivers/src/lpc17xx_gpio.c:294:10:FIO_GetPortIntStatus	0	static
../Drivers/src/lpc17xx_gpio.c:298:10:FIO_GetPinIntStatus	0	static
../Drivers/src/lpc17xx_gpio.c:302:6:FIO_ClearInt	0	static
../Drivers/src/lpc17xx_gpio.c:307:6:FIO_HalfWordSetDir	24	static
../Drivers/src/lpc17xx_gpio.c:329:6:FIO_HalfWordSetPins	16	static
../Drivers/src/lpc17xx_gpio.c:342:6:FIO_HalfWordClearPins	16	static
../Drivers/src/lpc17xx_gpio.c:355:6:FIO_HalfWordWriteValue	16	static
../Drivers/src/lpc17xx_gpio.c:370:10:FIO_HalfWordReadValue	16	static
../Drivers/src/lpc17xx_gpio.c:383:6:FIO_HalfWordTogglePins	16	static
../Drivers/src/lpc17xx_gpio.c:402:6:FIO_HalfWordSetMask	24	static
../Drivers/src/lpc17xx_gpio.c:426:6:FIO_ByteSetDir	24	static
../Drivers/src/lpc17xx_gpio.c:440:6:FIO_ByteSetPins	16	static
../Drivers/src/lpc17xx_gpio.c:449:6:FIO_ByteClearPins	16	static
../Drivers/src/lpc17xx_gpio.c:458:6:FIO_ByteWriteValue	16	static
../Drivers/src/lpc17xx_gpio.c:468:9:FIO_ByteReadValue	16	static
../Drivers/src/lpc17xx_gpio.c:477:6:FIO_ByteTogglePins	16	static
../Drivers/src/lpc17xx_gpio.c:488:6:FIO_ByteSetMask	24	static
