../Drivers/src/lpc17xx_spi.c:53:6:SPI_SetClock.part.0	8	static
../Drivers/src/lpc17xx_spi.c:53:6:SPI_SetClock	0	static
../Drivers/src/lpc17xx_spi.c:90:6:SPI_DeInit	0	static
../Drivers/src/lpc17xx_spi.c:105:9:SPI_GetDataSize	8	static
../Drivers/src/lpc17xx_spi.c:120:6:SPI_Init	16	static
../Drivers/src/lpc17xx_spi.c:163:6:SPI_ConfigStructInit	0	static
../Drivers/src/lpc17xx_spi.c:180:6:SPI_SendData	16	static
../Drivers/src/lpc17xx_spi.c:194:10:SPI_ReceiveData	8	static
../Drivers/src/lpc17xx_spi.c:340:6:SPI_IntCmd	16	static
../Drivers/src/lpc17xx_spi.c:215:9:SPI_ReadWrite	40	static
../Drivers/src/lpc17xx_spi.c:361:11:SPI_GetIntStatus	8	static
../Drivers/src/lpc17xx_spi.c:373:6:SPI_ClearIntPending	8	static
../Drivers/src/lpc17xx_spi.c:392:10:SPI_GetStatus	8	static
../Drivers/src/lpc17xx_spi.c:413:12:SPI_CheckStatus	16	static
