../Drivers/src/lpc17xx_gpdma.c:284:6:GPDMA_Init	8	static
../Drivers/src/lpc17xx_gpdma.c:299:6:GPDMA_DeInit	0	static
../Drivers/src/lpc17xx_gpdma.c:306:8:GPDMA_SetupChannel	24	static
../Drivers/src/lpc17xx_gpdma.c:342:6:GPDMA_ChannelStart	8	static
../Drivers/src/lpc17xx_gpdma.c:347:6:GPDMA_ChannelStop	8	static
../Drivers/src/lpc17xx_gpdma.c:352:6:GPDMA_ChannelGracefulStop	8	static
../Drivers/src/lpc17xx_gpdma.c:359:6:GPDMA_ChannelPause	8	static
../Drivers/src/lpc17xx_gpdma.c:364:6:GPDMA_ChannelResume	8	static
../Drivers/src/lpc17xx_gpdma.c:369:11:GPDMA_IntGetStatus	16	static
../Drivers/src/lpc17xx_gpdma.c:390:6:GPDMA_ClearIntPending	16	static
